error: U8 attributes must obey the sequence specified by the previous attributes. Expected position 4 but got 3
  --> tests/compile_time/overlap.rs:11:5
   |
11 | /     #[U8(size(4), pos(3))]
12 | |     second: u8,
   | |______________^
